frontend/components/chart/ChartWorker.ts(28,47): error TS18047: 'canvas' is possibly 'null'.
frontend/components/chart/ChartWorker.ts(29,15): error TS18047: 'canvas' is possibly 'null'.
frontend/components/chart/ChartWorker.ts(29,56): error TS18047: 'canvas' is possibly 'null'.
frontend/components/chart/ChartWorker.ts(31,7): error TS18047: 'ctx' is possibly 'null'.
frontend/components/chart/ChartWorker.ts(33,7): error TS18047: 'ctx' is possibly 'null'.
frontend/components/chart/IconToolPanel.tsx(5,39): error TS2307: Cannot find module 'emoji-picker-react' or its corresponding type declarations.
frontend/components/chart/IconToolPanel.tsx(285,32): error TS7006: Parameter 'emojiData' implicitly has an 'any' type.
frontend/components/chart/TradingChart.tsx(4,81): error TS2307: Cannot find module '@tradereplay/charts' or its corresponding type declarations.
frontend/components/chart/TradingChart.tsx(356,13): error TS7006: Parameter 'indicator' implicitly has an 'any' type.
frontend/components/chart/TradingChart.tsx(366,14): error TS7006: Parameter 'a' implicitly has an 'any' type.
frontend/components/chart/TradingChart.tsx(366,17): error TS7006: Parameter 'b' implicitly has an 'any' type.
frontend/components/chart/TradingChart.tsx(369,41): error TS7006: Parameter 'indicator' implicitly has an 'any' type.
frontend/components/chart/TradingChart.tsx(373,41): error TS7006: Parameter 'indicator' implicitly has an 'any' type.
frontend/components/chart/TradingChart.tsx(682,56): error TS7006: Parameter 'indicator' implicitly has an 'any' type.
frontend/components/chart/TradingChart.tsx(3196,196): error TS2322: Type 'Set<unknown>' is not assignable to type 'Set<string>'.
  Type 'unknown' is not assignable to type 'string'.
frontend/components/simulation/SymbolSearchModal.tsx(3,64): error TS2307: Cannot find module 'react-window' or its corresponding type declarations.
frontend/hooks/useChart.ts(2,35): error TS2307: Cannot find module '@tradereplay/charts' or its corresponding type declarations.
frontend/pages/ChartPerformanceBench.tsx(4,32): error TS2307: Cannot find module '@tradereplay/charts' or its corresponding type declarations.
frontend/pages/ChartPerformanceBench.tsx(97,41): error TS7006: Parameter 'indicator' implicitly has an 'any' type.
frontend/services/chart/chartEngine.ts(1,45): error TS2307: Cannot find module '@tradereplay/charts' or its corresponding type declarations.
frontend/services/chart/dataTransforms.ts(13,8): error TS2307: Cannot find module '@tradereplay/charts' or its corresponding type declarations.
frontend/services/chart/seriesManager.ts(4,8): error TS2307: Cannot find module '@tradereplay/charts' or its corresponding type declarations.
frontend/services/tools/toolEngine.ts(1,35): error TS2307: Cannot find module '@tradereplay/charts' or its corresponding type declarations.
frontend/services/tools/toolRegistry.ts(1,35): error TS2307: Cannot find module '@tradereplay/charts' or its corresponding type declarations.
